exports[`CategoryCountBar snapshots 1`] = `
<div
  className="recharts-wrapper"
  onClick={[Function anonymous]}
  onMouseEnter={[Function anonymous]}
  onMouseLeave={[Function anonymous]}
  onMouseMove={[Function anonymous]}
  style={
    Object {
      "cursor": "default",
      "height": 400,
      "position": "relative",
      "width": 800
    }
  }>
  <svg
    className="recharts-surface"
    height={400}
    style={undefined}
    version="1.1"
    viewBox="0 0 800 400"
    width={800}>
    <g
      className="recharts-layer recharts-x-axis">
      <g
        className="recharts-layer recharts-cartesian-axis">
        <line
          className="recharts-cartesian-axis-line"
          fill="none"
          height={30}
          stroke="#666"
          width={790}
          x={5}
          x1={5}
          x2={795}
          y={365}
          y1={365}
          y2={365} />
        <g
          className="recharts-cartesian-axis-ticks">
          <g
            className="recharts-cartesian-axis-tick">
            <line
              className="recharts-cartesian-axis-tick-line"
              fill="none"
              height={30}
              stroke="#666"
              width={790}
              x={5}
              x1={136.66666666666666}
              x2={136.66666666666666}
              y={365}
              y1={371}
              y2={365} />
            <text
              className="recharts-text recharts-cartesian-axis-tick-value"
              fill="#666"
              height={30}
              stroke="none"
              textAnchor="middle"
              width={790}
              x={136.66666666666666}
              y={371}>
              <tspan
                dy="0.71em"
                x={136.66666666666666}>
                Category 1
              </tspan>
            </text>
          </g>
          <g
            className="recharts-cartesian-axis-tick">
            <line
              className="recharts-cartesian-axis-tick-line"
              fill="none"
              height={30}
              stroke="#666"
              width={790}
              x={5}
              x1={400}
              x2={400}
              y={365}
              y1={371}
              y2={365} />
            <text
              className="recharts-text recharts-cartesian-axis-tick-value"
              fill="#666"
              height={30}
              stroke="none"
              textAnchor="middle"
              width={790}
              x={400}
              y={371}>
              <tspan
                dy="0.71em"
                x={400}>
                Category 2
              </tspan>
            </text>
          </g>
          <g
            className="recharts-cartesian-axis-tick">
            <line
              className="recharts-cartesian-axis-tick-line"
              fill="none"
              height={30}
              stroke="#666"
              width={790}
              x={5}
              x1={663.3333333333333}
              x2={663.3333333333333}
              y={365}
              y1={371}
              y2={365} />
            <text
              className="recharts-text recharts-cartesian-axis-tick-value"
              fill="#666"
              height={30}
              stroke="none"
              textAnchor="middle"
              width={790}
              x={663.3333333333333}
              y={371}>
              <tspan
                dy="0.71em"
                x={663.3333333333333}>
                Category 3
              </tspan>
            </text>
          </g>
        </g>
      </g>
    </g>
    <g
      className="recharts-layer recharts-bar-graphical">
      <g
        className="recharts-layer recharts-bar">
        <g
          className="recharts-layer recharts-bar-rectangles">
          <g
            className="recharts-layer recharts-bar-rectangle" />
          <g
            className="recharts-layer recharts-bar-rectangle" />
          <g
            className="recharts-layer recharts-bar-rectangle" />
        </g>
      </g>
    </g>
  </svg>
</div>
`;
